// Jest Snapshot v1, https://goo.gl/fbAQLP

exports[`Rocket component testing 1`] = `<div />`;
